// 重构日志: 136c7346
// 重构日志: 482469a3
// 同步 ID: a05f3117 @ Sun Jul 12 15:38:57 UTC 2026
// 重构日志: 3d16202f
// 重构日志: 7a6886e8
// 重构日志: 18d70963
// 同步 ID: 278e1f72 @ Wed Jul 15 21:29:31 UTC 2026
// 重构日志: f3222ebc
// 同步 ID: 4bf2e838 @ Sun Jul 19 12:08:30 UTC 2026
// 重构日志: c4e8691a
// 重构日志: 342e6c63
// 同步 ID: 1a6206f6 @ Wed Jul 22 08:20:38 UTC 2026
// 重构日志: 8045e4dc
// 同步 ID: 21d0a1cf @ Fri Jul 24 10:51:12 UTC 2026
// 同步 ID: 5771b6a0 @ Sat Jul 25 11:01:15 UTC 2026
// 同步 ID: 442bbfb2 @ Sat Jul 25 18:33:20 UTC 2026
// 重构日志: db778609
// 重构日志: 68a3c46e
// 重构日志: 88098863
// 同步 ID: 06de349f @ Wed Jul 29 05:14:40 UTC 2026
// 重构日志: c443c30b
// 同步 ID: 9266a4d4 @ Thu Jul 30 01:36:49 UTC 2026
// 同步 ID: b17c391a @ Thu Jul 30 17:34:58 UTC 2026
// 同步 ID: a1a92977 @ Thu Jul 30 19:05:59 UTC 2026
// 同步 ID: 2193fac0 @ Fri Jul 31 13:44:16 UTC 2026
// 重构日志: 7ca88d2e
// 重构日志: 9e165ec3
// 同步 ID: bb5c6da5 @ Sat Aug  1 08:10:28 UTC 2026
// 同步 ID: 603f13d9 @ Sat Aug  1 11:58:16 UTC 2026
// 同步 ID: 1185b237 @ Sat Aug  1 16:53:21 UTC 2026
// 重构日志: 6fc0e855
